2025-12-12 04:22:05,706 - INFO - 日志写入: logs/extract_barley_debug.log
2025-12-12 04:22:05,706 - INFO - 使用硬编码的API Keys配置
2025-12-12 04:22:05,706 - INFO - 初始化API Key池: 5 个key, 限速 5 次/秒
2025-12-12 04:22:05,706 - INFO - 为 etherscan 创建Key池: 5 个key
2025-12-12 04:22:05,706 - INFO - API密钥池已初始化: 5个密钥, 限流3次/秒
2025-12-12 04:22:05,706 - INFO - API密钥池已初始化: 5个密钥, 限流5次/秒
2025-12-12 04:22:05,706 - INFO - API密钥池已初始化: 7个密钥, 限流5次/秒
2025-12-12 04:22:05,706 - INFO - 文件缓存已初始化: /home/dqy/Firewall/FirewallOnchain/DeFiHackLabs/extracted_contracts/.cache/onchain_data
2025-12-12 04:22:05,707 - INFO - Web3连接成功: mainnet -> https://eth.llamarpc.com
2025-12-12 04:22:05,708 - INFO - Web3连接成功: bsc -> https://bsc-dataseed.binance.org
2025-12-12 04:22:05,709 - INFO - Web3连接成功: arbitrum -> https://arb1.arbitrum.io/rpc
2025-12-12 04:22:05,709 - INFO - Web3连接成功: optimism -> https://mainnet.optimism.io
2025-12-12 04:22:05,710 - INFO - Web3连接成功: polygon -> https://polygon-rpc.com
2025-12-12 04:22:05,710 - INFO - Web3连接成功: avalanche -> https://api.avax.network/ext/bc/C/rpc
2025-12-12 04:22:05,711 - INFO - Web3连接成功: fantom -> https://rpc.ftm.tools
2025-12-12 04:22:05,711 - INFO - OnChainDataFetcher已初始化: 3个链, 7个RPC节点
2025-12-12 04:22:05,711 - INFO - OnChainDataFetcher初始化成功
2025-12-12 04:22:05,711 - INFO - ================================================================================
2025-12-12 04:22:05,711 - INFO - 开始提取DeFi攻击合约
2025-12-12 04:22:05,711 - INFO - ================================================================================
2025-12-12 04:22:05,716 - INFO - 找到 1 个测试脚本
2025-12-12 04:22:05,716 - INFO - 
[1/1] 处理: 2024-01/BarleyFinance_exp
2025-12-12 04:22:05,716 - INFO - 静态分析: BarleyFinance_exp
2025-12-12 04:22:05,721 - INFO -   静态提取到 7 个地址
2025-12-12 04:22:05,721 - INFO -   静态分析耗时: 0.00s, 地址数: 7
2025-12-12 04:22:05,721 - INFO - 动态分析: BarleyFinance_exp
2025-12-12 04:22:05,721 - DEBUG -   执行命令: forge test --match-path src/test/2024-01/BarleyFinance_exp.sol --skip src/test/2025-05/Corkprotocol_exp.sol --skip src/test/2024-11/proxy_b7e1_exp.sol -vvvv
2025-12-12 04:22:05,721 - DEBUG -   工作目录: /home/dqy/Firewall/FirewallOnchain/DeFiHackLabs
2025-12-12 04:27:05,754 - ERROR -   测试超时(300秒)
2025-12-12 04:27:05,754 - WARNING -   测试运行失败,跳过动态分析
2025-12-12 04:27:05,754 - INFO -   动态分析耗时: 300.03s, 地址数: 0
2025-12-12 04:27:05,754 - INFO -   地址合并耗时: 0.00s
2025-12-12 04:27:05,755 - INFO -   共提取到 7 个唯一地址
2025-12-12 04:27:05,755 - INFO -   开始补全链上数据 (7个地址)...
2025-12-12 04:27:05,756 - DEBUG - Using selector: EpollSelector
2025-12-12 04:27:05,757 - INFO - 开始批量获取 7 个合约信息 (chain=mainnet)
2025-12-12 04:27:05,757 - DEBUG - 缓存命中: 0x7b3a6eff1c9925e509c2b01a389238c1fcc462b6
2025-12-12 04:27:05,758 - DEBUG - 缓存命中: 0x356e7481b957be0165d6751a49b4b7194aef18d5
2025-12-12 04:27:05,758 - DEBUG - 缓存命中: 0x04c80bb477890f3021f03b068238836ee20aa0b8
2025-12-12 04:27:05,759 - DEBUG - 缓存命中: 0x6B175474E89094C44Da98b954EedeAC495271d0F
2025-12-12 04:27:05,759 - DEBUG - 缓存命中: 0x3e2324342bF5B8A1Dca42915f0489497203d640E
2025-12-12 04:27:05,759 - DEBUG - 缓存命中: 0xC02aaA39b223FE8D0A0e5C4F27eAD9083C756Cc2
2025-12-12 04:27:05,760 - DEBUG - 缓存命中: 0xE592427A0AEce92De3Edee1F18E0157C05861564
2025-12-12 04:27:05,760 - INFO - 批量获取完成: 7/7 成功, 耗时0.00秒
2025-12-12 04:27:05,761 - INFO -   ✓ 链上数据补全完成: 7/7 个地址
2025-12-12 04:27:05,761 - INFO -   链上数据补全耗时: 0.01s
2025-12-12 04:27:05,764 - INFO -   保存地址耗时: 0.00s
2025-12-12 04:27:05,764 - INFO -   批量预检查 7 个地址的合约存在性 (并发数: 10)...
2025-12-12 04:27:05,770 - DEBUG - Starting new HTTPS connection (1): lb.drpc.live:443
2025-12-12 04:27:05,773 - DEBUG - Starting new HTTPS connection (1): lb.drpc.live:443
2025-12-12 04:27:05,777 - DEBUG - Starting new HTTPS connection (1): lb.drpc.live:443
2025-12-12 04:27:05,781 - DEBUG - Starting new HTTPS connection (1): lb.drpc.live:443
2025-12-12 04:27:05,784 - DEBUG - Starting new HTTPS connection (1): lb.drpc.live:443
2025-12-12 04:27:05,787 - DEBUG - Starting new HTTPS connection (1): lb.drpc.live:443
2025-12-12 04:27:05,791 - DEBUG - Starting new HTTPS connection (1): lb.drpc.live:443
2025-12-12 04:27:06,160 - DEBUG - https://lb.drpc.live:443 "POST /ethereum/Avduh2iIjEAksBUYtd4wP1MnkkLa0x0R8KhSCqfUNZ5M HTTP/1.1" 200 None
2025-12-12 04:27:06,162 - DEBUG - https://lb.drpc.live:443 "POST /ethereum/Avduh2iIjEAksBUYtd4wP1MnkkLa0x0R8KhSCqfUNZ5M HTTP/1.1" 200 None
2025-12-12 04:27:06,172 - DEBUG - https://lb.drpc.live:443 "POST /ethereum/Avduh2iIjEAksBUYtd4wP1MnkkLa0x0R8KhSCqfUNZ5M HTTP/1.1" 200 1837
2025-12-12 04:27:06,182 - DEBUG - https://lb.drpc.live:443 "POST /ethereum/Avduh2iIjEAksBUYtd4wP1MnkkLa0x0R8KhSCqfUNZ5M HTTP/1.1" 200 1273
2025-12-12 04:27:06,206 - DEBUG - https://lb.drpc.live:443 "POST /ethereum/Avduh2iIjEAksBUYtd4wP1MnkkLa0x0R8KhSCqfUNZ5M HTTP/1.1" 200 None
2025-12-12 04:27:06,207 - DEBUG - https://lb.drpc.live:443 "POST /ethereum/Avduh2iIjEAksBUYtd4wP1MnkkLa0x0R8KhSCqfUNZ5M HTTP/1.1" 200 None
2025-12-12 04:27:06,208 - DEBUG - https://lb.drpc.live:443 "POST /ethereum/Avduh2iIjEAksBUYtd4wP1MnkkLa0x0R8KhSCqfUNZ5M HTTP/1.1" 200 63
2025-12-12 04:27:06,213 - INFO -   ✓ 预检查完成: 6/7 个有效合约, 耗时 0.45秒
2025-12-12 04:27:06,214 - INFO -   已过滤 1 个无效地址,剩余 6 个待下载
2025-12-12 04:27:06,214 - INFO -   开始下载源码 (链: mainnet, 并发数: 5)
2025-12-12 04:27:06,218 - DEBUG - Starting new HTTPS connection (1): api.etherscan.io:443
2025-12-12 04:27:06,222 - DEBUG - Starting new HTTPS connection (1): api.etherscan.io:443
2025-12-12 04:27:06,225 - DEBUG - Starting new HTTPS connection (1): api.etherscan.io:443
2025-12-12 04:27:06,229 - DEBUG - Starting new HTTPS connection (1): api.etherscan.io:443
2025-12-12 04:27:06,233 - DEBUG - Starting new HTTPS connection (1): api.etherscan.io:443
2025-12-12 04:27:37,374 - DEBUG - https://api.etherscan.io:443 "GET /v2/api?chainid=1&module=contract&action=getsourcecode&address=0x3e2324342bF5B8A1Dca42915f0489497203d640E&apikey=SMZQJGY9IVWYKUMK2SIME6F15HGD8F8I6C HTTP/1.1" 200 8044
2025-12-12 04:27:37,379 - INFO -   ✓ 下载成功: 0x3e232434...
2025-12-12 04:27:37,382 - DEBUG - Starting new HTTPS connection (1): lb.drpc.live:443
2025-12-12 04:27:37,424 - DEBUG - https://api.etherscan.io:443 "GET /v2/api?chainid=1&module=contract&action=getsourcecode&address=0x356e7481b957be0165d6751a49b4b7194aef18d5&apikey=2DTB79CHTEJ6PEDCTEINC8GV3IHUXHGP9A HTTP/1.1" 200 352
2025-12-12 04:27:37,426 - INFO -   合约未验证,尝试下载字节码: 0x356e7481...
2025-12-12 04:27:37,428 - DEBUG - Starting new HTTPS connection (1): lb.drpc.live:443
2025-12-12 04:27:37,429 - DEBUG - https://api.etherscan.io:443 "GET /v2/api?chainid=1&module=contract&action=getsourcecode&address=0x6B175474E89094C44Da98b954EedeAC495271d0F&apikey=K6RUIHP3NJ72D4F3MNVG8XMI6R8EE1JSJD HTTP/1.1" 200 4159
2025-12-12 04:27:37,433 - INFO -   ✓ 下载成功: 0x6B175474...
2025-12-12 04:27:37,437 - DEBUG - Starting new HTTPS connection (1): lb.drpc.live:443
2025-12-12 04:27:37,596 - DEBUG - https://api.etherscan.io:443 "GET /v2/api?chainid=1&module=contract&action=getsourcecode&address=0xC02aaA39b223FE8D0A0e5C4F27eAD9083C756Cc2&apikey=KIHJWZGZ4YD8DNJBQTH5SUZA83U9YW9F21 HTTP/1.1" 200 18083
2025-12-12 04:27:37,601 - INFO -   ✓ 下载成功: 0xC02aaA39...
2025-12-12 04:27:37,604 - DEBUG - Starting new HTTPS connection (1): lb.drpc.live:443
2025-12-12 04:27:37,610 - DEBUG - https://api.etherscan.io:443 "GET /v2/api?chainid=1&module=contract&action=getsourcecode&address=0x04c80bb477890f3021f03b068238836ee20aa0b8&apikey=NNBK8BWF9FCBY77Y2C1S5GG5CACNJIAQ8C HTTP/1.1" 200 26943
2025-12-12 04:27:37,624 - INFO -   ✓ 下载成功: 0x04c80bb4...
2025-12-12 04:27:37,626 - DEBUG - Starting new HTTPS connection (1): lb.drpc.live:443
2025-12-12 04:27:37,678 - DEBUG - https://lb.drpc.live:443 "POST /ethereum/Avduh2iIjEAksBUYtd4wP1MnkkLa0x0R8KhSCqfUNZ5M HTTP/1.1" 200 77
2025-12-12 04:27:37,681 - DEBUG - Starting new HTTPS connection (1): lb.drpc.live:443
2025-12-12 04:27:37,686 - DEBUG - https://lb.drpc.live:443 "POST /ethereum/Avduh2iIjEAksBUYtd4wP1MnkkLa0x0R8KhSCqfUNZ5M HTTP/1.1" 200 77
2025-12-12 04:27:37,687 - DEBUG - https://lb.drpc.live:443 "POST /ethereum/Avduh2iIjEAksBUYtd4wP1MnkkLa0x0R8KhSCqfUNZ5M HTTP/1.1" 200 None
2025-12-12 04:27:37,692 - DEBUG - Starting new HTTPS connection (1): lb.drpc.live:443
2025-12-12 04:27:37,693 - INFO -   ✓ 字节码下载成功: 0x356e7481... (大小: 4252 bytes)
2025-12-12 04:27:37,696 - DEBUG - Starting new HTTPS connection (1): lb.drpc.live:443
2025-12-12 04:27:37,835 - DEBUG - https://lb.drpc.live:443 "POST /ethereum/Avduh2iIjEAksBUYtd4wP1MnkkLa0x0R8KhSCqfUNZ5M HTTP/1.1" 200 77
2025-12-12 04:27:37,839 - DEBUG - Starting new HTTPS connection (1): lb.drpc.live:443
2025-12-12 04:27:37,875 - DEBUG - https://lb.drpc.live:443 "POST /ethereum/Avduh2iIjEAksBUYtd4wP1MnkkLa0x0R8KhSCqfUNZ5M HTTP/1.1" 200 77
2025-12-12 04:27:37,879 - DEBUG - Starting new HTTPS connection (1): lb.drpc.live:443
2025-12-12 04:27:37,928 - DEBUG - https://lb.drpc.live:443 "POST /ethereum/Avduh2iIjEAksBUYtd4wP1MnkkLa0x0R8KhSCqfUNZ5M HTTP/1.1" 200 77
2025-12-12 04:27:37,929 - DEBUG - https://lb.drpc.live:443 "POST /ethereum/Avduh2iIjEAksBUYtd4wP1MnkkLa0x0R8KhSCqfUNZ5M HTTP/1.1" 200 77
2025-12-12 04:27:37,933 - DEBUG - Starting new HTTPS connection (1): lb.drpc.live:443
2025-12-12 04:27:37,936 - DEBUG - Starting new HTTPS connection (1): lb.drpc.live:443
2025-12-12 04:27:38,142 - DEBUG - https://lb.drpc.live:443 "POST /ethereum/Avduh2iIjEAksBUYtd4wP1MnkkLa0x0R8KhSCqfUNZ5M HTTP/1.1" 200 77
2025-12-12 04:27:38,146 - DEBUG - Starting new HTTPS connection (1): lb.drpc.live:443
2025-12-12 04:27:38,173 - DEBUG - https://lb.drpc.live:443 "POST /ethereum/Avduh2iIjEAksBUYtd4wP1MnkkLa0x0R8KhSCqfUNZ5M HTTP/1.1" 200 77
2025-12-12 04:27:38,176 - DEBUG - Starting new HTTPS connection (1): lb.drpc.live:443
2025-12-12 04:27:38,179 - DEBUG - https://lb.drpc.live:443 "POST /ethereum/Avduh2iIjEAksBUYtd4wP1MnkkLa0x0R8KhSCqfUNZ5M HTTP/1.1" 200 77
2025-12-12 04:27:38,185 - DEBUG - Starting new HTTPS connection (1): lb.drpc.live:443
2025-12-12 04:27:38,374 - DEBUG - https://lb.drpc.live:443 "POST /ethereum/Avduh2iIjEAksBUYtd4wP1MnkkLa0x0R8KhSCqfUNZ5M HTTP/1.1" 200 77
2025-12-12 04:27:38,378 - DEBUG - Starting new HTTPS connection (1): lb.drpc.live:443
2025-12-12 04:27:38,403 - DEBUG - https://lb.drpc.live:443 "POST /ethereum/Avduh2iIjEAksBUYtd4wP1MnkkLa0x0R8KhSCqfUNZ5M HTTP/1.1" 200 77
2025-12-12 04:27:38,407 - DEBUG - Starting new HTTPS connection (1): lb.drpc.live:443
2025-12-12 04:27:38,412 - DEBUG - https://lb.drpc.live:443 "POST /ethereum/Avduh2iIjEAksBUYtd4wP1MnkkLa0x0R8KhSCqfUNZ5M HTTP/1.1" 200 77
2025-12-12 04:27:38,416 - DEBUG - Starting new HTTPS connection (1): lb.drpc.live:443
2025-12-12 04:27:38,425 - DEBUG - https://lb.drpc.live:443 "POST /ethereum/Avduh2iIjEAksBUYtd4wP1MnkkLa0x0R8KhSCqfUNZ5M HTTP/1.1" 200 77
2025-12-12 04:27:38,428 - DEBUG - Starting new HTTPS connection (1): lb.drpc.live:443
2025-12-12 04:27:38,562 - DEBUG - https://lb.drpc.live:443 "POST /ethereum/Avduh2iIjEAksBUYtd4wP1MnkkLa0x0R8KhSCqfUNZ5M HTTP/1.1" 200 77
2025-12-12 04:27:38,566 - DEBUG - Starting new HTTPS connection (1): lb.drpc.live:443
2025-12-12 04:27:38,611 - DEBUG - https://lb.drpc.live:443 "POST /ethereum/Avduh2iIjEAksBUYtd4wP1MnkkLa0x0R8KhSCqfUNZ5M HTTP/1.1" 200 77
2025-12-12 04:27:38,646 - DEBUG - https://lb.drpc.live:443 "POST /ethereum/Avduh2iIjEAksBUYtd4wP1MnkkLa0x0R8KhSCqfUNZ5M HTTP/1.1" 200 77
2025-12-12 04:27:38,647 - DEBUG - https://lb.drpc.live:443 "POST /ethereum/Avduh2iIjEAksBUYtd4wP1MnkkLa0x0R8KhSCqfUNZ5M HTTP/1.1" 200 77
2025-12-12 04:27:38,651 - DEBUG - Starting new HTTPS connection (2): lb.drpc.live:443
2025-12-12 04:27:38,655 - DEBUG - Starting new HTTPS connection (1): api.etherscan.io:443
2025-12-12 04:27:38,679 - DEBUG - https://lb.drpc.live:443 "POST /ethereum/Avduh2iIjEAksBUYtd4wP1MnkkLa0x0R8KhSCqfUNZ5M HTTP/1.1" 200 77
2025-12-12 04:27:38,683 - DEBUG - Starting new HTTPS connection (1): lb.drpc.live:443
2025-12-12 04:27:38,720 - DEBUG - https://lb.drpc.live:443 "POST /ethereum/Avduh2iIjEAksBUYtd4wP1MnkkLa0x0R8KhSCqfUNZ5M HTTP/1.1" 200 None
2025-12-12 04:27:38,723 - INFO -   尝试解析Immutable (solc=/home/dqy/.svm/0.7.6/solc-0.7.6, 优化=True, runs=200)
2025-12-12 04:27:38,738 - INFO -   Immutable提取: evmVersion不被该solc支持，改用默认EVMVersion重试
2025-12-12 04:27:38,953 - DEBUG - https://lb.drpc.live:443 "POST /ethereum/Avduh2iIjEAksBUYtd4wP1MnkkLa0x0R8KhSCqfUNZ5M HTTP/1.1" 200 77
2025-12-12 04:27:38,954 - DEBUG - https://lb.drpc.live:443 "POST /ethereum/Avduh2iIjEAksBUYtd4wP1MnkkLa0x0R8KhSCqfUNZ5M HTTP/1.1" 200 1837
2025-12-12 04:27:38,960 - INFO -   尝试解析Immutable (solc=/home/dqy/.svm/0.7.6/solc-0.7.6, 优化=True, runs=200)
2025-12-12 04:27:38,968 - INFO -   Immutable提取: evmVersion不被该solc支持，改用默认EVMVersion重试
2025-12-12 04:27:39,083 - INFO -   Immutable提取跳过: 编译未返回immutableReferences
2025-12-12 04:27:39,084 - DEBUG - https://lb.drpc.live:443 "POST /ethereum/Avduh2iIjEAksBUYtd4wP1MnkkLa0x0R8KhSCqfUNZ5M HTTP/1.1" 200 None
2025-12-12 04:27:39,087 - DEBUG - Starting new HTTPS connection (2): api.etherscan.io:443
2025-12-12 04:27:39,089 - INFO -   尝试解析Immutable (solc=/home/dqy/.svm/0.5.12/solc-0.5.12, 优化=False, runs=200)
2025-12-12 04:27:39,094 - INFO -   Immutable提取: evmVersion不被该solc支持，改用默认EVMVersion重试
2025-12-12 04:27:39,108 - DEBUG - https://lb.drpc.live:443 "POST /ethereum/Avduh2iIjEAksBUYtd4wP1MnkkLa0x0R8KhSCqfUNZ5M HTTP/1.1" 200 77
2025-12-12 04:27:39,167 - INFO -   Immutable提取跳过: 编译未返回immutableReferences
2025-12-12 04:27:39,170 - DEBUG - Starting new HTTPS connection (3): api.etherscan.io:443
2025-12-12 04:27:39,272 - DEBUG - https://lb.drpc.live:443 "POST /ethereum/Avduh2iIjEAksBUYtd4wP1MnkkLa0x0R8KhSCqfUNZ5M HTTP/1.1" 200 1273
2025-12-12 04:27:39,274 - INFO -   尝试解析Immutable (solc=/home/dqy/.svm/0.4.19/solc-0.4.19, 优化=False, runs=200)
2025-12-12 04:27:39,317 - INFO -   Immutable提取跳过: 编译未返回immutableReferences
2025-12-12 04:27:39,320 - DEBUG - Starting new HTTPS connection (4): api.etherscan.io:443
2025-12-12 04:27:39,825 - INFO -   ✓ Immutable 解析成功，写入 immutables.json
2025-12-12 04:27:39,826 - DEBUG - Starting new HTTPS connection (5): api.etherscan.io:443
2025-12-12 04:27:54,637 - DEBUG - https://api.etherscan.io:443 "GET /v2/api?module=contract&action=getcontractcreation&contractaddresses=0x356e7481b957be0165d6751a49b4b7194aef18d5&chainid=1&apikey=SMZQJGY9IVWYKUMK2SIME6F15HGD8F8I6C HTTP/1.1" 200 4226
2025-12-12 04:27:54,997 - DEBUG - https://lb.drpc.live:443 "POST /ethereum/Avduh2iIjEAksBUYtd4wP1MnkkLa0x0R8KhSCqfUNZ5M HTTP/1.1" 200 None
2025-12-12 04:27:55,002 - DEBUG - Starting new HTTPS connection (1): api.etherscan.io:443
2025-12-12 04:27:55,029 - DEBUG - https://api.etherscan.io:443 "GET /v2/api?module=contract&action=getcontractcreation&contractaddresses=0x3e2324342bF5B8A1Dca42915f0489497203d640E&chainid=1&apikey=K6RUIHP3NJ72D4F3MNVG8XMI6R8EE1JSJD HTTP/1.1" 200 3526
2025-12-12 04:27:55,089 - DEBUG - https://api.etherscan.io:443 "GET /v2/api?module=contract&action=getcontractcreation&contractaddresses=0x6B175474E89094C44Da98b954EedeAC495271d0F&chainid=1&apikey=KIHJWZGZ4YD8DNJBQTH5SUZA83U9YW9F21 HTTP/1.1" 200 445
2025-12-12 04:27:55,324 - DEBUG - https://api.etherscan.io:443 "GET /v2/api?module=contract&action=getcontractcreation&contractaddresses=0xC02aaA39b223FE8D0A0e5C4F27eAD9083C756Cc2&chainid=1&apikey=NNBK8BWF9FCBY77Y2C1S5GG5CACNJIAQ8C HTTP/1.1" 200 2393
2025-12-12 04:27:55,327 - DEBUG - Starting new HTTPS connection (3): lb.drpc.live:443
2025-12-12 04:27:55,392 - DEBUG - https://lb.drpc.live:443 "POST /ethereum/Avduh2iIjEAksBUYtd4wP1MnkkLa0x0R8KhSCqfUNZ5M HTTP/1.1" 200 None
2025-12-12 04:27:55,458 - DEBUG - https://lb.drpc.live:443 "POST /ethereum/Avduh2iIjEAksBUYtd4wP1MnkkLa0x0R8KhSCqfUNZ5M HTTP/1.1" 200 436
2025-12-12 04:27:55,815 - DEBUG - https://lb.drpc.live:443 "POST /ethereum/Avduh2iIjEAksBUYtd4wP1MnkkLa0x0R8KhSCqfUNZ5M HTTP/1.1" 200 1901
2025-12-12 04:27:55,995 - DEBUG - https://api.etherscan.io:443 "GET /v2/api?module=contract&action=getcontractcreation&contractaddresses=0x04c80bb477890f3021f03b068238836ee20aa0b8&chainid=1&apikey=2DTB79CHTEJ6PEDCTEINC8GV3IHUXHGP9A HTTP/1.1" 200 26064
2025-12-12 04:27:56,338 - DEBUG - https://lb.drpc.live:443 "POST /ethereum/Avduh2iIjEAksBUYtd4wP1MnkkLa0x0R8KhSCqfUNZ5M HTTP/1.1" 200 None
2025-12-12 04:28:26,138 - DEBUG - https://api.etherscan.io:443 "GET /v2/api?chainid=1&module=contract&action=getsourcecode&address=0xE592427A0AEce92De3Edee1F18E0157C05861564&apikey=SMZQJGY9IVWYKUMK2SIME6F15HGD8F8I6C HTTP/1.1" 200 27219
2025-12-12 04:28:26,154 - INFO -   ✓ 下载成功: 0xE592427A...
2025-12-12 04:28:26,156 - DEBUG - Starting new HTTPS connection (1): lb.drpc.live:443
2025-12-12 04:28:26,455 - DEBUG - https://lb.drpc.live:443 "POST /ethereum/Avduh2iIjEAksBUYtd4wP1MnkkLa0x0R8KhSCqfUNZ5M HTTP/1.1" 200 77
2025-12-12 04:28:26,459 - DEBUG - Starting new HTTPS connection (1): lb.drpc.live:443
2025-12-12 04:28:26,699 - DEBUG - https://lb.drpc.live:443 "POST /ethereum/Avduh2iIjEAksBUYtd4wP1MnkkLa0x0R8KhSCqfUNZ5M HTTP/1.1" 200 77
2025-12-12 04:28:26,703 - DEBUG - Starting new HTTPS connection (1): lb.drpc.live:443
2025-12-12 04:28:26,945 - DEBUG - https://lb.drpc.live:443 "POST /ethereum/Avduh2iIjEAksBUYtd4wP1MnkkLa0x0R8KhSCqfUNZ5M HTTP/1.1" 200 77
2025-12-12 04:28:26,949 - DEBUG - Starting new HTTPS connection (1): lb.drpc.live:443
2025-12-12 04:28:27,195 - DEBUG - https://lb.drpc.live:443 "POST /ethereum/Avduh2iIjEAksBUYtd4wP1MnkkLa0x0R8KhSCqfUNZ5M HTTP/1.1" 200 77
2025-12-12 04:28:27,310 - DEBUG - https://lb.drpc.live:443 "POST /ethereum/Avduh2iIjEAksBUYtd4wP1MnkkLa0x0R8KhSCqfUNZ5M HTTP/1.1" 200 None
2025-12-12 04:28:27,313 - INFO -   尝试解析Immutable (solc=/home/dqy/.svm/0.7.6/solc-0.7.6, 优化=True, runs=1000000)
2025-12-12 04:28:27,328 - INFO -   Immutable提取: evmVersion不被该solc支持，改用默认EVMVersion重试
2025-12-12 04:28:27,822 - INFO -   ✓ Immutable 解析成功，写入 immutables.json
2025-12-12 04:28:28,057 - DEBUG - https://api.etherscan.io:443 "GET /v2/api?module=contract&action=getcontractcreation&contractaddresses=0xE592427A0AEce92De3Edee1F18E0157C05861564&chainid=1&apikey=K6RUIHP3NJ72D4F3MNVG8XMI6R8EE1JSJD HTTP/1.1" 200 8056
2025-12-12 04:28:28,408 - DEBUG - https://lb.drpc.live:443 "POST /ethereum/Avduh2iIjEAksBUYtd4wP1MnkkLa0x0R8KhSCqfUNZ5M HTTP/1.1" 200 None
2025-12-12 04:28:28,412 - INFO -   源码下载完成, 耗时 82.20s
2025-12-12 04:28:28,414 - DEBUG -   收集到实现合约: 0xe592427a... (IUniswapV3Router)
2025-12-12 04:28:28,415 - INFO -   源码下载耗时: 82.65s
2025-12-12 04:28:28,415 - INFO -   检测到 1 个实现合约，更新addresses.json
2025-12-12 04:28:28,417 - INFO -   BarleyFinance_exp 总耗时: 382.70s
2025-12-12 04:28:28,418 - INFO - 
================================================================================
2025-12-12 04:28:28,418 - INFO - 执行摘要
2025-12-12 04:28:28,418 - INFO - ================================================================================
2025-12-12 04:28:28,418 - INFO - 总脚本数:        1
2025-12-12 04:28:28,419 - INFO - 成功:            1
2025-12-12 04:28:28,419 - INFO - 失败:            0
2025-12-12 04:28:28,419 - INFO - 总地址数:        7
2025-12-12 04:28:28,419 - INFO - 已验证合约:      5
2025-12-12 04:28:28,419 - INFO - 未验证合约:      0
2025-12-12 04:28:28,419 - INFO -   └─ 仅字节码:   1
2025-12-12 04:28:28,419 - INFO - API调用次数:     12
2025-12-12 04:28:28,420 - INFO - 
API Key并发统计:
2025-12-12 04:28:28,420 - INFO -   etherscan:
2025-12-12 04:28:28,420 - INFO -     Key数量: 5
2025-12-12 04:28:28,420 - INFO -     总调用: 12
2025-12-12 04:28:28,420 - INFO -     负载均衡: 最小=2, 最大=3, 平均=2.4
2025-12-12 04:28:28,420 - INFO - 
输出目录:        /home/dqy/Firewall/FirewallOnchain/DeFiHackLabs/extracted_contracts
2025-12-12 04:28:28,421 - INFO - ================================================================================
2025-12-12 04:36:13,614 - INFO - 日志写入: logs/extract_barley_debug.log
2025-12-12 04:36:13,614 - INFO - 使用硬编码的API Keys配置
2025-12-12 04:36:13,614 - INFO - 初始化API Key池: 5 个key, 限速 5 次/秒
2025-12-12 04:36:13,614 - INFO - 为 etherscan 创建Key池: 5 个key
2025-12-12 04:36:13,615 - INFO - API密钥池已初始化: 5个密钥, 限流3次/秒
2025-12-12 04:36:13,615 - INFO - API密钥池已初始化: 5个密钥, 限流5次/秒
2025-12-12 04:36:13,615 - INFO - API密钥池已初始化: 7个密钥, 限流5次/秒
2025-12-12 04:36:13,615 - INFO - 文件缓存已初始化: /home/dqy/Firewall/FirewallOnchain/DeFiHackLabs/extracted_contracts/.cache/onchain_data
2025-12-12 04:36:13,616 - INFO - Web3连接成功: mainnet -> https://eth.llamarpc.com
2025-12-12 04:36:13,616 - INFO - Web3连接成功: bsc -> https://bsc-dataseed.binance.org
2025-12-12 04:36:13,617 - INFO - Web3连接成功: arbitrum -> https://arb1.arbitrum.io/rpc
2025-12-12 04:36:13,618 - INFO - Web3连接成功: optimism -> https://mainnet.optimism.io
2025-12-12 04:36:13,618 - INFO - Web3连接成功: polygon -> https://polygon-rpc.com
2025-12-12 04:36:13,619 - INFO - Web3连接成功: avalanche -> https://api.avax.network/ext/bc/C/rpc
2025-12-12 04:36:13,619 - INFO - Web3连接成功: fantom -> https://rpc.ftm.tools
2025-12-12 04:36:13,620 - INFO - OnChainDataFetcher已初始化: 3个链, 7个RPC节点
2025-12-12 04:36:13,620 - INFO - OnChainDataFetcher初始化成功
2025-12-12 04:36:13,620 - INFO - ================================================================================
2025-12-12 04:36:13,620 - INFO - 开始提取DeFi攻击合约
2025-12-12 04:36:13,620 - INFO - ================================================================================
2025-12-12 04:36:13,624 - INFO - 找到 1 个测试脚本
2025-12-12 04:36:13,624 - INFO - 
[1/1] 处理: 2024-01/BarleyFinance_exp
2025-12-12 04:36:13,625 - INFO - 静态分析: BarleyFinance_exp
2025-12-12 04:36:13,629 - INFO -   静态提取到 7 个地址
2025-12-12 04:36:13,629 - INFO -   静态分析耗时: 0.00s, 地址数: 7
2025-12-12 04:36:13,629 - INFO - 动态分析: BarleyFinance_exp
2025-12-12 04:36:13,629 - DEBUG -   执行命令: forge test --match-path src/test/2024-01/BarleyFinance_exp.sol --skip src/test/2025-05/Corkprotocol_exp.sol --skip src/test/2024-11/proxy_b7e1_exp.sol -vvvv
2025-12-12 04:36:13,629 - DEBUG -   工作目录: /home/dqy/Firewall/FirewallOnchain/DeFiHackLabs
2025-12-12 04:36:13,630 - DEBUG -   临时文件: stdout=/tmp/forge_uom1wh1k_stdout.log, stderr=/tmp/forge_rwox6jq9_stderr.log
2025-12-12 04:36:13,630 - DEBUG -   subprocess.run即将开始...
2025-12-12 04:41:13,663 - ERROR -   测试超时(300秒)
2025-12-12 04:41:13,663 - WARNING -   测试运行失败,跳过动态分析
2025-12-12 04:41:13,663 - INFO -   动态分析耗时: 300.03s, 地址数: 0
2025-12-12 04:41:13,663 - INFO -   地址合并耗时: 0.00s
2025-12-12 04:41:13,664 - INFO -   共提取到 7 个唯一地址
2025-12-12 04:41:13,664 - INFO -   开始补全链上数据 (7个地址)...
2025-12-12 04:41:13,664 - DEBUG - Using selector: EpollSelector
2025-12-12 04:41:13,665 - INFO - 开始批量获取 7 个合约信息 (chain=mainnet)
2025-12-12 04:41:13,666 - DEBUG - 缓存命中: 0x7b3a6eff1c9925e509c2b01a389238c1fcc462b6
2025-12-12 04:41:13,666 - DEBUG - 缓存命中: 0x356e7481b957be0165d6751a49b4b7194aef18d5
2025-12-12 04:41:13,667 - DEBUG - 缓存命中: 0x04c80bb477890f3021f03b068238836ee20aa0b8
2025-12-12 04:41:13,667 - DEBUG - 缓存命中: 0x6B175474E89094C44Da98b954EedeAC495271d0F
2025-12-12 04:41:13,668 - DEBUG - 缓存命中: 0x3e2324342bF5B8A1Dca42915f0489497203d640E
2025-12-12 04:41:13,668 - DEBUG - 缓存命中: 0xC02aaA39b223FE8D0A0e5C4F27eAD9083C756Cc2
2025-12-12 04:41:13,668 - DEBUG - 缓存命中: 0xE592427A0AEce92De3Edee1F18E0157C05861564
2025-12-12 04:41:13,669 - INFO - 批量获取完成: 7/7 成功, 耗时0.00秒
2025-12-12 04:41:13,669 - INFO -   ✓ 链上数据补全完成: 7/7 个地址
2025-12-12 04:41:13,670 - INFO -   链上数据补全耗时: 0.01s
2025-12-12 04:41:13,671 - INFO -   保存地址耗时: 0.00s
2025-12-12 04:41:13,672 - INFO -   批量预检查 7 个地址的合约存在性 (并发数: 10)...
2025-12-12 04:41:13,679 - DEBUG - Starting new HTTPS connection (1): lb.drpc.live:443
2025-12-12 04:41:13,682 - DEBUG - Starting new HTTPS connection (1): lb.drpc.live:443
2025-12-12 04:41:13,686 - DEBUG - Starting new HTTPS connection (1): lb.drpc.live:443
2025-12-12 04:41:13,689 - DEBUG - Starting new HTTPS connection (1): lb.drpc.live:443
2025-12-12 04:41:13,693 - DEBUG - Starting new HTTPS connection (1): lb.drpc.live:443
2025-12-12 04:41:13,696 - DEBUG - Starting new HTTPS connection (1): lb.drpc.live:443
2025-12-12 04:41:13,699 - DEBUG - Starting new HTTPS connection (1): lb.drpc.live:443
2025-12-12 04:41:14,170 - DEBUG - https://lb.drpc.live:443 "POST /ethereum/Avduh2iIjEAksBUYtd4wP1MnkkLa0x0R8KhSCqfUNZ5M HTTP/1.1" 200 63
2025-12-12 04:41:14,171 - DEBUG - https://lb.drpc.live:443 "POST /ethereum/Avduh2iIjEAksBUYtd4wP1MnkkLa0x0R8KhSCqfUNZ5M HTTP/1.1" 200 1273
2025-12-12 04:41:14,172 - DEBUG - https://lb.drpc.live:443 "POST /ethereum/Avduh2iIjEAksBUYtd4wP1MnkkLa0x0R8KhSCqfUNZ5M HTTP/1.1" 200 None
2025-12-12 04:41:14,175 - DEBUG - https://lb.drpc.live:443 "POST /ethereum/Avduh2iIjEAksBUYtd4wP1MnkkLa0x0R8KhSCqfUNZ5M HTTP/1.1" 200 1837
2025-12-12 04:41:14,177 - DEBUG - https://lb.drpc.live:443 "POST /ethereum/Avduh2iIjEAksBUYtd4wP1MnkkLa0x0R8KhSCqfUNZ5M HTTP/1.1" 200 None
2025-12-12 04:41:14,178 - DEBUG - https://lb.drpc.live:443 "POST /ethereum/Avduh2iIjEAksBUYtd4wP1MnkkLa0x0R8KhSCqfUNZ5M HTTP/1.1" 200 None
2025-12-12 04:41:14,203 - DEBUG - https://lb.drpc.live:443 "POST /ethereum/Avduh2iIjEAksBUYtd4wP1MnkkLa0x0R8KhSCqfUNZ5M HTTP/1.1" 200 None
2025-12-12 04:41:14,205 - INFO -   ✓ 预检查完成: 6/7 个有效合约, 耗时 0.53秒
2025-12-12 04:41:14,206 - INFO -   已过滤 1 个无效地址,剩余 6 个待下载
2025-12-12 04:41:14,206 - INFO -   开始下载源码 (链: mainnet, 并发数: 5)
2025-12-12 04:41:14,210 - DEBUG - Starting new HTTPS connection (1): api.etherscan.io:443
2025-12-12 04:41:14,214 - DEBUG - Starting new HTTPS connection (1): api.etherscan.io:443
2025-12-12 04:41:14,217 - DEBUG - Starting new HTTPS connection (1): api.etherscan.io:443
2025-12-12 04:41:14,221 - DEBUG - Starting new HTTPS connection (1): api.etherscan.io:443
2025-12-12 04:41:14,224 - DEBUG - Starting new HTTPS connection (1): api.etherscan.io:443
2025-12-12 04:41:45,417 - DEBUG - https://api.etherscan.io:443 "GET /v2/api?chainid=1&module=contract&action=getsourcecode&address=0x6B175474E89094C44Da98b954EedeAC495271d0F&apikey=K6RUIHP3NJ72D4F3MNVG8XMI6R8EE1JSJD HTTP/1.1" 200 4159
2025-12-12 04:41:45,420 - INFO -   ✓ 下载成功: 0x6B175474...
2025-12-12 04:41:45,422 - DEBUG - Starting new HTTPS connection (1): lb.drpc.live:443
2025-12-12 04:41:45,462 - DEBUG - https://api.etherscan.io:443 "GET /v2/api?chainid=1&module=contract&action=getsourcecode&address=0x356e7481b957be0165d6751a49b4b7194aef18d5&apikey=2DTB79CHTEJ6PEDCTEINC8GV3IHUXHGP9A HTTP/1.1" 200 352
2025-12-12 04:41:45,464 - INFO -   合约未验证,尝试下载字节码: 0x356e7481...
2025-12-12 04:41:45,466 - DEBUG - Starting new HTTPS connection (1): lb.drpc.live:443
2025-12-12 04:41:45,483 - DEBUG - https://api.etherscan.io:443 "GET /v2/api?chainid=1&module=contract&action=getsourcecode&address=0x3e2324342bF5B8A1Dca42915f0489497203d640E&apikey=SMZQJGY9IVWYKUMK2SIME6F15HGD8F8I6C HTTP/1.1" 200 8044
2025-12-12 04:41:45,488 - INFO -   ✓ 下载成功: 0x3e232434...
2025-12-12 04:41:45,491 - DEBUG - Starting new HTTPS connection (1): lb.drpc.live:443
2025-12-12 04:41:45,607 - DEBUG - https://api.etherscan.io:443 "GET /v2/api?chainid=1&module=contract&action=getsourcecode&address=0x04c80bb477890f3021f03b068238836ee20aa0b8&apikey=NNBK8BWF9FCBY77Y2C1S5GG5CACNJIAQ8C HTTP/1.1" 200 26943
2025-12-12 04:41:45,623 - INFO -   ✓ 下载成功: 0x04c80bb4...
2025-12-12 04:41:45,625 - DEBUG - Starting new HTTPS connection (1): lb.drpc.live:443
2025-12-12 04:41:45,640 - DEBUG - https://api.etherscan.io:443 "GET /v2/api?chainid=1&module=contract&action=getsourcecode&address=0xC02aaA39b223FE8D0A0e5C4F27eAD9083C756Cc2&apikey=KIHJWZGZ4YD8DNJBQTH5SUZA83U9YW9F21 HTTP/1.1" 200 18083
2025-12-12 04:41:45,644 - INFO -   ✓ 下载成功: 0xC02aaA39...
2025-12-12 04:41:45,646 - DEBUG - Starting new HTTPS connection (1): lb.drpc.live:443
2025-12-12 04:41:45,727 - DEBUG - https://lb.drpc.live:443 "POST /ethereum/Avduh2iIjEAksBUYtd4wP1MnkkLa0x0R8KhSCqfUNZ5M HTTP/1.1" 200 None
2025-12-12 04:41:45,729 - INFO -   ✓ 字节码下载成功: 0x356e7481... (大小: 4252 bytes)
2025-12-12 04:41:45,732 - DEBUG - Starting new HTTPS connection (1): lb.drpc.live:443
2025-12-12 04:41:45,853 - DEBUG - https://lb.drpc.live:443 "POST /ethereum/Avduh2iIjEAksBUYtd4wP1MnkkLa0x0R8KhSCqfUNZ5M HTTP/1.1" 200 77
2025-12-12 04:41:45,858 - DEBUG - Starting new HTTPS connection (1): lb.drpc.live:443
2025-12-12 04:41:45,870 - DEBUG - https://lb.drpc.live:443 "POST /ethereum/Avduh2iIjEAksBUYtd4wP1MnkkLa0x0R8KhSCqfUNZ5M HTTP/1.1" 200 77
2025-12-12 04:41:45,874 - DEBUG - Starting new HTTPS connection (1): lb.drpc.live:443
2025-12-12 04:41:45,925 - DEBUG - https://lb.drpc.live:443 "POST /ethereum/Avduh2iIjEAksBUYtd4wP1MnkkLa0x0R8KhSCqfUNZ5M HTTP/1.1" 200 77
2025-12-12 04:41:45,928 - DEBUG - Starting new HTTPS connection (1): lb.drpc.live:443
2025-12-12 04:41:45,974 - DEBUG - https://lb.drpc.live:443 "POST /ethereum/Avduh2iIjEAksBUYtd4wP1MnkkLa0x0R8KhSCqfUNZ5M HTTP/1.1" 200 77
2025-12-12 04:41:45,977 - DEBUG - Starting new HTTPS connection (1): lb.drpc.live:443
2025-12-12 04:41:46,119 - DEBUG - https://lb.drpc.live:443 "POST /ethereum/Avduh2iIjEAksBUYtd4wP1MnkkLa0x0R8KhSCqfUNZ5M HTTP/1.1" 200 77
2025-12-12 04:41:46,123 - DEBUG - Starting new HTTPS connection (1): lb.drpc.live:443
2025-12-12 04:41:46,216 - DEBUG - https://lb.drpc.live:443 "POST /ethereum/Avduh2iIjEAksBUYtd4wP1MnkkLa0x0R8KhSCqfUNZ5M HTTP/1.1" 200 77
2025-12-12 04:41:46,220 - DEBUG - Starting new HTTPS connection (1): lb.drpc.live:443
2025-12-12 04:41:46,273 - DEBUG - https://lb.drpc.live:443 "POST /ethereum/Avduh2iIjEAksBUYtd4wP1MnkkLa0x0R8KhSCqfUNZ5M HTTP/1.1" 200 77
2025-12-12 04:41:46,277 - DEBUG - Starting new HTTPS connection (1): lb.drpc.live:443
2025-12-12 04:41:46,337 - DEBUG - https://lb.drpc.live:443 "POST /ethereum/Avduh2iIjEAksBUYtd4wP1MnkkLa0x0R8KhSCqfUNZ5M HTTP/1.1" 200 77
2025-12-12 04:41:46,341 - DEBUG - Starting new HTTPS connection (1): lb.drpc.live:443
2025-12-12 04:41:46,381 - DEBUG - https://lb.drpc.live:443 "POST /ethereum/Avduh2iIjEAksBUYtd4wP1MnkkLa0x0R8KhSCqfUNZ5M HTTP/1.1" 200 77
2025-12-12 04:41:46,385 - DEBUG - Starting new HTTPS connection (1): lb.drpc.live:443
2025-12-12 04:41:46,456 - DEBUG - https://lb.drpc.live:443 "POST /ethereum/Avduh2iIjEAksBUYtd4wP1MnkkLa0x0R8KhSCqfUNZ5M HTTP/1.1" 200 77
2025-12-12 04:41:46,460 - DEBUG - Starting new HTTPS connection (1): lb.drpc.live:443
2025-12-12 04:41:46,494 - DEBUG - https://lb.drpc.live:443 "POST /ethereum/Avduh2iIjEAksBUYtd4wP1MnkkLa0x0R8KhSCqfUNZ5M HTTP/1.1" 200 77
2025-12-12 04:41:46,498 - DEBUG - Starting new HTTPS connection (1): lb.drpc.live:443
2025-12-12 04:41:46,616 - DEBUG - https://lb.drpc.live:443 "POST /ethereum/Avduh2iIjEAksBUYtd4wP1MnkkLa0x0R8KhSCqfUNZ5M HTTP/1.1" 200 77
2025-12-12 04:41:46,619 - DEBUG - Starting new HTTPS connection (1): lb.drpc.live:443
2025-12-12 04:41:46,620 - DEBUG - https://lb.drpc.live:443 "POST /ethereum/Avduh2iIjEAksBUYtd4wP1MnkkLa0x0R8KhSCqfUNZ5M HTTP/1.1" 200 77
2025-12-12 04:41:46,625 - DEBUG - Starting new HTTPS connection (1): lb.drpc.live:443
2025-12-12 04:41:46,699 - DEBUG - https://lb.drpc.live:443 "POST /ethereum/Avduh2iIjEAksBUYtd4wP1MnkkLa0x0R8KhSCqfUNZ5M HTTP/1.1" 200 77
2025-12-12 04:41:46,703 - DEBUG - Starting new HTTPS connection (1): lb.drpc.live:443
2025-12-12 04:41:46,858 - DEBUG - https://lb.drpc.live:443 "POST /ethereum/Avduh2iIjEAksBUYtd4wP1MnkkLa0x0R8KhSCqfUNZ5M HTTP/1.1" 200 77
2025-12-12 04:41:46,885 - DEBUG - https://lb.drpc.live:443 "POST /ethereum/Avduh2iIjEAksBUYtd4wP1MnkkLa0x0R8KhSCqfUNZ5M HTTP/1.1" 200 77
2025-12-12 04:41:46,889 - DEBUG - Starting new HTTPS connection (1): lb.drpc.live:443
2025-12-12 04:41:46,974 - DEBUG - https://lb.drpc.live:443 "POST /ethereum/Avduh2iIjEAksBUYtd4wP1MnkkLa0x0R8KhSCqfUNZ5M HTTP/1.1" 200 None
2025-12-12 04:41:46,976 - INFO -   尝试解析Immutable (solc=/home/dqy/.svm/0.5.12/solc-0.5.12, 优化=False, runs=200)
2025-12-12 04:41:46,982 - INFO -   Immutable提取: evmVersion不被该solc支持，改用默认EVMVersion重试
2025-12-12 04:41:47,053 - INFO -   Immutable提取跳过: 编译未返回immutableReferences
2025-12-12 04:41:47,056 - DEBUG - Starting new HTTPS connection (1): api.etherscan.io:443
2025-12-12 04:41:47,086 - DEBUG - https://lb.drpc.live:443 "POST /ethereum/Avduh2iIjEAksBUYtd4wP1MnkkLa0x0R8KhSCqfUNZ5M HTTP/1.1" 200 77
2025-12-12 04:41:47,138 - DEBUG - https://lb.drpc.live:443 "POST /ethereum/Avduh2iIjEAksBUYtd4wP1MnkkLa0x0R8KhSCqfUNZ5M HTTP/1.1" 200 77
2025-12-12 04:41:47,142 - DEBUG - Starting new HTTPS connection (2): lb.drpc.live:443
2025-12-12 04:41:47,143 - DEBUG - https://lb.drpc.live:443 "POST /ethereum/Avduh2iIjEAksBUYtd4wP1MnkkLa0x0R8KhSCqfUNZ5M HTTP/1.1" 200 77
2025-12-12 04:41:47,147 - DEBUG - Starting new HTTPS connection (2): api.etherscan.io:443
2025-12-12 04:41:47,167 - DEBUG - https://lb.drpc.live:443 "POST /ethereum/Avduh2iIjEAksBUYtd4wP1MnkkLa0x0R8KhSCqfUNZ5M HTTP/1.1" 200 77
2025-12-12 04:41:47,170 - DEBUG - Starting new HTTPS connection (3): lb.drpc.live:443
2025-12-12 04:41:47,198 - DEBUG - https://lb.drpc.live:443 "POST /ethereum/Avduh2iIjEAksBUYtd4wP1MnkkLa0x0R8KhSCqfUNZ5M HTTP/1.1" 200 1273
2025-12-12 04:41:47,200 - INFO -   尝试解析Immutable (solc=/home/dqy/.svm/0.4.19/solc-0.4.19, 优化=False, runs=200)
2025-12-12 04:41:47,245 - INFO -   Immutable提取跳过: 编译未返回immutableReferences
2025-12-12 04:41:47,248 - DEBUG - Starting new HTTPS connection (3): api.etherscan.io:443
2025-12-12 04:41:47,374 - DEBUG - https://lb.drpc.live:443 "POST /ethereum/Avduh2iIjEAksBUYtd4wP1MnkkLa0x0R8KhSCqfUNZ5M HTTP/1.1" 200 1837
2025-12-12 04:41:47,377 - INFO -   尝试解析Immutable (solc=/home/dqy/.svm/0.7.6/solc-0.7.6, 优化=True, runs=200)
2025-12-12 04:41:47,386 - INFO -   Immutable提取: evmVersion不被该solc支持，改用默认EVMVersion重试
2025-12-12 04:41:47,424 - DEBUG - https://lb.drpc.live:443 "POST /ethereum/Avduh2iIjEAksBUYtd4wP1MnkkLa0x0R8KhSCqfUNZ5M HTTP/1.1" 200 None
2025-12-12 04:41:47,427 - INFO -   尝试解析Immutable (solc=/home/dqy/.svm/0.7.6/solc-0.7.6, 优化=True, runs=200)
2025-12-12 04:41:47,441 - INFO -   Immutable提取: evmVersion不被该solc支持，改用默认EVMVersion重试
2025-12-12 04:41:47,500 - INFO -   Immutable提取跳过: 编译未返回immutableReferences
2025-12-12 04:41:47,502 - DEBUG - Starting new HTTPS connection (4): api.etherscan.io:443
2025-12-12 04:41:48,535 - INFO -   ✓ Immutable 解析成功，写入 immutables.json
2025-12-12 04:41:48,536 - DEBUG - Starting new HTTPS connection (5): api.etherscan.io:443
